// Jest Snapshot v1, https://goo.gl/fbAQLP

exports[`should render startAddPoemPage correctly 1`] = `
<div>
  <h1>
    Add Poem
  </h1>
  <PoemForm
    onSubmit={[Function]}
  />
</div>
`;
