// Jest Snapshot v1, https://goo.gl/fbAQLP

exports[`should render PoemItem correctly 1`] = `
<div>
  <Link
    replace={false}
    to="/edit/1"
  >
    <h3>
      Edit
    </h3>
  </Link>
  <p>
    Morning Poem
     - 
    1st January, 1970
  </p>
</div>
`;
